22:39:39.438 [main] INFO  testCases.TC001_Login - Testcase execution started.....
22:39:39.448 [main] INFO  testCases.TC001_Login - Login started.....
22:39:45.562 [main] INFO  testCases.TC001_LoginDDT - user name provided
22:39:45.627 [main] INFO  testCases.TC001_LoginDDT - password provided
22:39:50.289 [main] INFO  testCases.TC001_LoginDDT - user name provided
22:39:50.356 [main] INFO  testCases.TC001_LoginDDT - password provided
22:39:54.664 [main] INFO  testCases.TC001_LoginDDT - user name provided
22:39:54.728 [main] INFO  testCases.TC001_LoginDDT - password provided
22:39:59.192 [main] INFO  testCases.TC001_LoginDDT - user name provided
22:39:59.259 [main] INFO  testCases.TC001_LoginDDT - password provided
22:40:02.572 [main] INFO  testCases.TC001_LoginDDT - Login passed
22:40:12.866 [main] INFO  testCases.TC001_LoginDDT - user name provided
22:40:12.966 [main] INFO  testCases.TC001_LoginDDT - password provided
22:44:01.556 [main] INFO  org.testng.internal.Utils - [TestNG] Running:
  C:\Users\ADMIN\eclipse-workspace\inetbanking\Master.xml

22:44:06.133 [main] INFO  testCases.TC001_Login - Testcase execution started.....
22:44:06.133 [main] INFO  testCases.TC001_Login - Login started.....
22:44:07.484 [main] INFO  testCases.TC001_Login - Login ended.....
22:44:11.871 [main] INFO  testCases.TC001_LoginDDT - user name provided
22:44:12.033 [main] INFO  testCases.TC001_LoginDDT - password provided
22:44:16.728 [main] INFO  testCases.TC001_LoginDDT - user name provided
22:44:16.808 [main] INFO  testCases.TC001_LoginDDT - password provided
22:44:21.043 [main] INFO  testCases.TC001_LoginDDT - user name provided
22:44:21.114 [main] INFO  testCases.TC001_LoginDDT - password provided
22:44:25.366 [main] INFO  testCases.TC001_LoginDDT - user name provided
22:44:25.436 [main] INFO  testCases.TC001_LoginDDT - password provided
22:44:29.433 [main] INFO  testCases.TC001_LoginDDT - user name provided
22:44:29.503 [main] INFO  testCases.TC001_LoginDDT - password provided
22:44:45.914 [main] INFO  testCases.TC002_NewCustomerTest - validation started....
22:44:50.954 [main] INFO  testCases.TC002_NewCustomerTest - test case passed....
